<html>
<body>
<pre>
<h1>µVision Build Log</h1>
<h2>Tool Versions:</h2>
IDE-Version: ¦ÌVision V5.29.0.0
Copyright (C) 2019 ARM Ltd and ARM Germany GmbH. All rights reserved.
License Information: a wxf2011@163.com, a, LIC=8VRJ7-ELSXJ-RANDM-X3A0Y-N40U8-GZSF7
 
Tool Versions:
Toolchain:       MDK-ARM Plus  Version: 5.29.0.0
Toolchain Path:  D:\PYC\keil_MDK\ARM\ARMCC\Bin
C Compiler:      Armcc.exe V5.06 update 6 (build 750)
Assembler:       Armasm.exe V5.06 update 6 (build 750)
Linker/Locator:  ArmLink.exe V5.06 update 6 (build 750)
Library Manager: ArmAr.exe V5.06 update 6 (build 750)
Hex Converter:   FromElf.exe V5.06 update 6 (build 750)
CPU DLL:         SARM.DLL V5.29.0.0
Dialog DLL:      DARMATS9.DLL V1.22.0.0
Target DLL:      UL2ARM.DLL V1.74.10.0
Dialog DLL:      TARMATS9.DLL V1.21.0.0
 
<h2>Project:</h2>
D:\PYC\F1C100S_ALL_Project\github-187-5\RVCS-CS-E500_7\F1C100S_LCD_800x480_interface_15\Project\F1C100S.uvproj
Project File Date:  01/09/2026

<h2>Output:</h2>
*** Using Compiler 'V5.06 update 6 (build 750)', folder: 'D:\PYC\keil_MDK\ARM\ARMCC\Bin'
Rebuild target 'F1C100S'
compiling standalone.c...
compiling left_side_select.c...
..\USR\Src\left_side_select.c(12): warning:  #177-D: variable "_acleft_side_select"  was declared but never referenced
  static const unsigned char _acleft_side_select[20302UL + 1] = {
..\USR\Src\left_side_select.c: 1 warning, 0 errors
compiling left_side.c...
..\USR\Src\left_side.c(1): warning:  #177-D: variable "left_side"  was declared but never referenced
  static const unsigned char left_side[25020UL + 1] = {\015
..\USR\Src\left_side.c: 1 warning, 0 errors
assembling vectors.s...
assembling sys_start.s...
compiling AC.c...
..\USR\Src\AC.c(12): warning:  #177-D: variable "_acAC"  was declared but never referenced
  static const unsigned char _acAC[198478UL + 1] = {
..\USR\Src\AC.c: 1 warning, 0 errors
compiling left_side_touch.c...
..\USR\Src\left_side_touch.c(12): warning:  #177-D: variable "_acleft_side_touch"  was declared but never referenced
  static const unsigned char _acleft_side_touch[24232UL + 1] = {
..\USR\Src\left_side_touch.c: 1 warning, 0 errors
compiling AC_PUT.c...
..\USR\Src\AC_PUT.c(12): warning:  #177-D: variable "_acAC_PUT"  was declared but never referenced
  static const unsigned char _acAC_PUT[187234UL + 1] = {
..\USR\Src\AC_PUT.c: 1 warning, 0 errors
compiling main_side.c...
..\USR\Src\main_side.c(12): warning:  #177-D: variable "_acmain_side"  was declared but never referenced
  static const unsigned char _acmain_side[137587UL + 1] = {
..\USR\Src\main_side.c: 1 warning, 0 errors
compiling DD.c...
..\USR\Src\DD.c(12): warning:  #177-D: variable "_acDD"  was declared but never referenced
  static const unsigned char _acDD[187848UL + 1] = {
..\USR\Src\DD.c: 1 warning, 0 errors
compiling top_side_select.c...
..\USR\Src\top_side_select.c(12): warning:  #177-D: variable "_actop_side_select"  was declared but never referenced
  static const unsigned char _actop_side_select[17464UL + 1] = {
..\USR\Src\top_side_select.c: 1 warning, 0 errors
compiling top_side.c...
..\USR\Src\top_side.c(12): warning:  #177-D: variable "_actop_side"  was declared but never referenced
  static const unsigned char _actop_side[22685UL + 1] = {
..\USR\Src\top_side.c: 1 warning, 0 errors
compiling sys_clock.c...
compiling top_side_touch.c...
..\USR\Src\top_side_touch.c(12): warning:  #177-D: variable "_actop_side_touch"  was declared but never referenced
  static const unsigned char _actop_side_touch[16443UL + 1] = {
..\USR\Src\top_side_touch.c: 1 warning, 0 errors
compiling sys_dram.c...
compiling sys_gpio.c...
compiling sys_uart.c...
compiling sys_delay.c...
compiling main.c...
..\USR\Lcd\sys_ui_light.h(33): warning:  #1-D: last line of file ends without a newline
  #define Light_Pic_SN 6 //µÆÐòºÅ
..\USR\Src\main.c: 1 warning, 0 errors
compiling LCD480Init.c...
..\USR\Lcd\sys_ui_light.h(33): warning:  #1-D: last line of file ends without a newline
  #define Light_Pic_SN 6 //µÆÐòºÅ
..\USR\Src\LCD480Init.c: 1 warning, 0 errors
assembling sys_ctl.s...
compiling GT911.c...
..\USR\Lcd\sys_ui_light.h(33): warning:  #1-D: last line of file ends without a newline
  #define Light_Pic_SN 6 //µÆÐòºÅ
..\USR\Src\GT911.c: 1 warning, 0 errors
compiling sys_interrupt.c...
compiling sys_lcd.c...
compiling sys_timer.c...
compiling sys_mmu.c...
compiling arm32.c...
compiling sys_cache.c...
compiling sys_I2C.c...
compiling sys_IO_I2C.c...
compiling ToMCU.c...
..\USR\Lcd\sys_ui_light.h(33): warning:  #1-D: last line of file ends without a newline
  #define Light_Pic_SN 6 //µÆÐòºÅ
..\USR\Src\ToMCU.c(1140): warning:  #177-D: variable "i"  was declared but never referenced
  	 u8 i;
..\USR\Src\ToMCU.c(1155): warning:  #177-D: variable "i"  was declared but never referenced
  	 u8 i;
..\USR\Src\ToMCU.c(2853): warning:  #188-D: enumerated type mixed with another type
  	type_sel.Battery_SmartShun_Type=para[11];
..\USR\Src\ToMCU.c(2854): warning:  #188-D: enumerated type mixed with another type
  	type_sel.Inverter_Type=para[12];
..\USR\Src\ToMCU.c(2855): warning:  #188-D: enumerated type mixed with another type
  	type_sel.Mppt_Type=para[13];
..\USR\Src\ToMCU.c(2856): warning:  #188-D: enumerated type mixed with another type
  	type_sel.DC_Changer_Type=para[14];
..\USR\Src\ToMCU.c(2928): warning:  #177-D: variable "i"  was declared but never referenced
  	u8 i;//,temp;
..\USR\Src\ToMCU.c: 8 warnings, 0 errors
compiling pngerror.c...
..\USR\libpng\pngerror.c(172): warning:  #550-D: variable "error_number"  was set but never used
       char error_number[16];
..\USR\libpng\pngerror.c(225): warning:  #550-D: variable "warning_number"  was set but never used
       char warning_number[16];
..\USR\libpng\pngerror.c(165): warning:  #177-D: function "png_default_error"  was declared but never referenced
  png_default_error(png_structp png_ptr, png_const_charp message)
..\USR\libpng\pngerror.c(218): warning:  #177-D: function "png_default_warning"  was declared but never referenced
  png_default_warning(png_structp png_ptr, png_const_charp message)
..\USR\libpng\pngerror.c: 4 warnings, 0 errors
compiling png.c...
compiling pnggccrd.c...
compiling pngmem.c...
compiling pngget.c...
compiling pngread.c...
compiling pngrio.c...
compiling pngpread.c...
compiling pngset.c...
compiling pngtrans.c...
compiling pngrutil.c...
..\USR\libpng\pngrutil.c(288): warning:  #177-D: variable "umsg"  was declared but never referenced
        char umsg[50];
..\USR\libpng\pngrutil.c: 1 warning, 0 errors
compiling pngvcrd.c...
compiling pngwio.c...
compiling compress.c...
..\USR\libz\compress.c(22): warning:  #1294-D: Old-style function compress2
  int ZEXPORT compress2 (dest, destLen, source, sourceLen, level)
..\USR\libz\compress.c(62): warning:  #1294-D: Old-style function compress
  int ZEXPORT compress (dest, destLen, source, sourceLen)
..\USR\libz\compress.c(75): warning:  #1294-D: Old-style function compressBound
  uLong ZEXPORT compressBound (sourceLen)
..\USR\libz\compress.c: 3 warnings, 0 errors
compiling adler32.c...
..\USR\libz\adler32.c(57): warning:  #1294-D: Old-style function adler32
  uLong ZEXPORT adler32(adler, buf, len)
..\USR\libz\adler32.c(128): warning:  #1294-D: Old-style function adler32_combine
  uLong ZEXPORT adler32_combine(adler1, adler2, len2)
..\USR\libz\adler32.c: 2 warnings, 0 errors
compiling pngrtran.c...
compiling pngwtran.c...
compiling pngwrite.c...
compiling crc32.c...
..\USR\libz\crc32.c(219): warning:  #1294-D: Old-style function crc32
  unsigned long ZEXPORT crc32(crc, buf, len)
..\USR\libz\crc32.c(242): warning:  #111-D: statement is unreachable
      crc = crc ^ 0xffffffffUL;
..\USR\libz\crc32.c(262): warning:  #1294-D: Old-style function crc32_little
  local unsigned long crc32_little(crc, buf, len)
..\USR\libz\crc32.c(302): warning:  #1294-D: Old-style function crc32_big
  local unsigned long crc32_big(crc, buf, len)
..\USR\libz\crc32.c(342): warning:  #1294-D: Old-style function gf2_matrix_times
  local unsigned long gf2_matrix_times(mat, vec)
..\USR\libz\crc32.c(359): warning:  #1294-D: Old-style function gf2_matrix_square
  local void gf2_matrix_square(square, mat)
..\USR\libz\crc32.c(370): warning:  #1294-D: Old-style function crc32_combine
  uLong ZEXPORT crc32_combine(crc1, crc2, len2)
..\USR\libz\crc32.c: 7 warnings, 0 errors
compiling pngwutil.c...
compiling inffast.c...
..\USR\libz\inffast.c(67): warning:  #1294-D: Old-style function inflate_fast
  void inflate_fast(strm, start)
..\USR\libz\inffast.c: 1 warning, 0 errors
compiling infback.c...
..\USR\libz\infback.c(28): warning:  #1294-D: Old-style function inflateBackInit_
  int ZEXPORT inflateBackInit_(strm, windowBits, window, version, stream_size)
..\USR\libz\infback.c(73): warning:  #1294-D: Old-style function fixedtables
  local void fixedtables(state)
..\USR\libz\infback.c(241): warning:  #1294-D: Old-style function inflateBack
  int ZEXPORT inflateBack(strm, in, in_desc, out, out_desc)
..\USR\libz\infback.c(614): warning:  #1294-D: Old-style function inflateBackEnd
  int ZEXPORT inflateBackEnd(strm)
..\USR\libz\infback.c: 4 warnings, 0 errors
compiling inftrees.c...
..\USR\libz\inftrees.c(32): warning:  #1294-D: Old-style function inflate_table
  int inflate_table(type, lens, codes, table, bits, work)
..\USR\libz\inftrees.c: 1 warning, 0 errors
compiling deflate.c...
..\USR\libz\deflate.c(204): warning:  #1294-D: Old-style function deflateInit_
  int ZEXPORT deflateInit_(strm, level, version, stream_size)
..\USR\libz\deflate.c(216): warning:  #1294-D: Old-style function deflateInit2_
  int ZEXPORT deflateInit2_(strm, level, method, windowBits, memLevel, strategy,
..\USR\libz\deflate.c(315): warning:  #1294-D: Old-style function deflateSetDictionary
  int ZEXPORT deflateSetDictionary (strm, dictionary, dictLength)
..\USR\libz\deflate.c(357): warning:  #1294-D: Old-style function deflateReset
  int ZEXPORT deflateReset (strm)
..\USR\libz\deflate.c(393): warning:  #1294-D: Old-style function deflateSetHeader
  int ZEXPORT deflateSetHeader (strm, head)
..\USR\libz\deflate.c(404): warning:  #1294-D: Old-style function deflatePrime
  int ZEXPORT deflatePrime (strm, bits, value)
..\USR\libz\deflate.c(416): warning:  #1294-D: Old-style function deflateParams
  int ZEXPORT deflateParams(strm, level, strategy)
..\USR\libz\deflate.c(454): warning:  #1294-D: Old-style function deflateTune
  int ZEXPORT deflateTune(strm, good_length, max_lazy, nice_length, max_chain)
..\USR\libz\deflate.c(489): warning:  #1294-D: Old-style function deflateBound
  uLong ZEXPORT deflateBound(strm, sourceLen)
..\USR\libz\deflate.c(518): warning:  #1294-D: Old-style function putShortMSB
  local void putShortMSB (s, b)
..\USR\libz\deflate.c(532): warning:  #1294-D: Old-style function flush_pending
  local void flush_pending(strm)
..\USR\libz\deflate.c(552): warning:  #1294-D: Old-style function deflate
  int ZEXPORT deflate (strm, flush)
..\USR\libz\deflate.c(859): warning:  #1294-D: Old-style function deflateEnd
  int ZEXPORT deflateEnd (strm)
..\USR\libz\deflate.c(894): warning:  #1294-D: Old-style function deflateCopy
  int ZEXPORT deflateCopy (dest, source)
..\USR\libz\deflate.c(956): warning:  #1294-D: Old-style function read_buf
  local int read_buf(strm, buf, size)
..\USR\libz\deflate.c(986): warning:  #1294-D: Old-style function lm_init
  local void lm_init (s)
..\USR\libz\deflate.c(1027): warning:  #1294-D: Old-style function longest_match
  local uInt longest_match(s, cur_match)
..\USR\libz\deflate.c(1175): warning:  #1294-D: Old-style function longest_match_fast
  local uInt longest_match_fast(s, cur_match)
..\USR\libz\deflate.c(1266): warning:  #1294-D: Old-style function fill_window
  local void fill_window(s)
..\USR\libz\deflate.c(1390): warning:  #1294-D: Old-style function deflate_stored
  local block_state deflate_stored(s, flush)
..\USR\libz\deflate.c(1448): warning:  #1294-D: Old-style function deflate_fast
  local block_state deflate_fast(s, flush)
..\USR\libz\deflate.c(1554): warning:  #1294-D: Old-style function deflate_slow
  local block_state deflate_slow(s, flush)
..\USR\libz\deflate.c: 22 warnings, 0 errors
compiling inflate.c...
..\USR\libz\inflate.c(103): warning:  #1294-D: Old-style function inflateReset
  int ZEXPORT inflateReset(strm)
..\USR\libz\inflate.c(128): warning:  #1294-D: Old-style function inflatePrime
  int ZEXPORT inflatePrime(strm, bits, value)
..\USR\libz\inflate.c(144): warning:  #1294-D: Old-style function inflateInit2_
  int ZEXPORT inflateInit2_(strm, windowBits, version, stream_size)
..\USR\libz\inflate.c(187): warning:  #1294-D: Old-style function inflateInit_
  int ZEXPORT inflateInit_(strm, version, stream_size)
..\USR\libz\inflate.c(205): warning:  #1294-D: Old-style function fixedtables
  local void fixedtables(state)
..\USR\libz\inflate.c(323): warning:  #1294-D: Old-style function updatewindow
  local int updatewindow(strm, out)
..\USR\libz\inflate.c(554): warning:  #1294-D: Old-style function inflate
  int ZEXPORT inflate(strm, flush)
..\USR\libz\inflate.c(1155): warning:  #1294-D: Old-style function inflateEnd
  int ZEXPORT inflateEnd(strm)
..\USR\libz\inflate.c(1169): warning:  #1294-D: Old-style function inflateSetDictionary
  int ZEXPORT inflateSetDictionary(strm, dictionary, dictLength)
..\USR\libz\inflate.c(1211): warning:  #1294-D: Old-style function inflateGetHeader
  int ZEXPORT inflateGetHeader(strm, head)
..\USR\libz\inflate.c(1239): warning:  #1294-D: Old-style function syncsearch
  local unsigned syncsearch(have, buf, len)
..\USR\libz\inflate.c(1262): warning:  #1294-D: Old-style function inflateSync
  int ZEXPORT inflateSync(strm)
..\USR\libz\inflate.c(1313): warning:  #1294-D: Old-style function inflateSyncPoint
  int ZEXPORT inflateSyncPoint(strm)
..\USR\libz\inflate.c(1323): warning:  #1294-D: Old-style function inflateCopy
  int ZEXPORT inflateCopy(dest, source)
..\USR\libz\inflate.c: 14 warnings, 0 errors
compiling uncompr.c...
..\USR\libz\uncompr.c(26): warning:  #1294-D: Old-style function uncompress
  int ZEXPORT uncompress (dest, destLen, source, sourceLen)
..\USR\libz\uncompr.c: 1 warning, 0 errors
compiling zutil.c...
..\USR\libz\zutil.c(134): warning:  #1294-D: Old-style function zError
  const char * ZEXPORT zError(err)
..\USR\libz\zutil.c(318): warning:  #1294-D: Old-style function zcalloc
  voidpf zcalloc (opaque, items, size)
..\USR\libz\zutil.c(329): warning:  #1294-D: Old-style function zcfree
  void  zcfree (opaque, ptr)
..\USR\libz\zutil.c: 3 warnings, 0 errors
compiling trees.c...
..\USR\libz\trees.c(382): warning:  #1294-D: Old-style function _tr_init
  void _tr_init(s)
..\USR\libz\trees.c(411): warning:  #1294-D: Old-style function init_block
  local void init_block(s)
..\USR\libz\trees.c(455): warning:  #1294-D: Old-style function pqdownheap
  local void pqdownheap(s, tree, k)
..\USR\libz\trees.c(490): warning:  #1294-D: Old-style function gen_bitlen
  local void gen_bitlen(s, desc)
..\USR\libz\trees.c(577): warning:  #1294-D: Old-style function gen_codes
  local void gen_codes (tree, max_code, bl_count)
..\USR\libz\trees.c(619): warning:  #1294-D: Old-style function build_tree
  local void build_tree(s, desc)
..\USR\libz\trees.c(707): warning:  #1294-D: Old-style function scan_tree
  local void scan_tree (s, tree, max_code)
..\USR\libz\trees.c(752): warning:  #1294-D: Old-style function send_tree
  local void send_tree (s, tree, max_code)
..\USR\libz\trees.c(803): warning:  #1294-D: Old-style function build_bl_tree
  local int build_bl_tree(s)
..\USR\libz\trees.c(838): warning:  #1294-D: Old-style function send_all_trees
  local void send_all_trees(s, lcodes, dcodes, blcodes)
..\USR\libz\trees.c(867): warning:  #1294-D: Old-style function _tr_stored_block
  void _tr_stored_block(s, buf, stored_len, eof)
..\USR\libz\trees.c(892): warning:  #1294-D: Old-style function _tr_align
  void _tr_align(s)
..\USR\libz\trees.c(921): warning:  #1294-D: Old-style function _tr_flush_block
  void _tr_flush_block(s, buf, stored_len, eof)
..\USR\libz\trees.c(1022): warning:  #1294-D: Old-style function _tr_tally
  int _tr_tally (s, dist, lc)
..\USR\libz\trees.c(1072): warning:  #1294-D: Old-style function compress_block
  local void compress_block(s, ltree, dtree)
..\USR\libz\trees.c(1126): warning:  #1294-D: Old-style function set_data_type
  local void set_data_type(s)
..\USR\libz\trees.c(1146): warning:  #1294-D: Old-style function bi_reverse
  local unsigned bi_reverse(code, len)
..\USR\libz\trees.c(1161): warning:  #1294-D: Old-style function bi_flush
  local void bi_flush(s)
..\USR\libz\trees.c(1178): warning:  #1294-D: Old-style function bi_windup
  local void bi_windup(s)
..\USR\libz\trees.c(1197): warning:  #1294-D: Old-style function copy_block
  local void copy_block(s, buf, len, header)
..\USR\libz\trees.c: 20 warnings, 0 errors
compiling Test_png.c...
..\USR\Lcd\sys_ui_light.h(33): warning:  #1-D: last line of file ends without a newline
  #define Light_Pic_SN 6 //µÆÐòºÅ
..\USR\png\Test_png.c: 1 warning, 0 errors
compiling sys_lcd_gui_argb32.c...
..\USR\Lcd\sys_ui_light.h(33): warning:  #1-D: last line of file ends without a newline
  #define Light_Pic_SN 6 //µÆÐòºÅ
..\USR\Lcd\sys_lcd_gui_argb32.c: 1 warning, 0 errors
compiling sys_virtual_gui_argb32.c...
..\USR\Lcd\sys_ui_light.h(33): warning:  #1-D: last line of file ends without a newline
  #define Light_Pic_SN 6 //µÆÐòºÅ
..\USR\Lcd\sys_virtual_gui_argb32.c: 1 warning, 0 errors
compiling ui_func.c...
..\USR\Lcd\sys_ui_light.h(33): warning:  #1-D: last line of file ends without a newline
  #define Light_Pic_SN 6 //µÆÐòºÅ
..\USR\Lcd\ui_func.c: 1 warning, 0 errors
compiling ctrl_status.c...
..\USR\Lcd\sys_ui_light.h(33): warning:  #1-D: last line of file ends without a newline
  #define Light_Pic_SN 6 //µÆÐòºÅ
..\USR\Lcd\ctrl_status.c: 1 warning, 0 errors
compiling sys_ui_pro_keyboard.c...
..\USR\Lcd\sys_ui_light.h(33): warning:  #1-D: last line of file ends without a newline
  #define Light_Pic_SN 6 //µÆÐòºÅ
..\USR\Lcd\sys_ui_pro_keyboard.c(1028): warning:  #177-D: variable "p"  was declared but never referenced
  	lcd_dis_page_t *p;
..\USR\Lcd\sys_ui_pro_keyboard.c(1029): warning:  #177-D: variable "i"  was declared but never referenced
  	u8 i;
..\USR\Lcd\sys_ui_pro_keyboard.c: 3 warnings, 0 errors
compiling sys_ui_pro_dialog_code.c...
..\USR\Lcd\sys_ui_light.h(33): warning:  #1-D: last line of file ends without a newline
  #define Light_Pic_SN 6 //µÆÐòºÅ
..\USR\Lcd\sys_ui_pro_dialog_code.c: 1 warning, 0 errors
compiling sys_ui_pro_dialog_info.c...
..\USR\Lcd\sys_ui_light.h(33): warning:  #1-D: last line of file ends without a newline
  #define Light_Pic_SN 6 //µÆÐòºÅ
..\USR\Lcd\sys_ui_pro_dialog_info.c: 1 warning, 0 errors
compiling sys_ui_pro.c...
..\USR\Lcd\sys_ui_light.h(33): warning:  #1-D: last line of file ends without a newline
  #define Light_Pic_SN 6 //µÆÐòºÅ
..\USR\Lcd\sys_ui_pro.c(517): warning:  #550-D: variable "suffix"  was set but never used
              const char *suffix;
..\USR\Lcd\sys_ui_pro.c(470): warning:  #177-D: variable "x_temp"  was declared but never referenced
  	u16 x_temp;
..\USR\Lcd\sys_ui_pro.c(906): warning:  #188-D: enumerated type mixed with another type
  change_light_val=1;
..\USR\Lcd\sys_ui_pro.c(925): warning:  #223-D: function "ui_warning_dialog_init" declared implicitly
      if(warm_dialog_enable_flag)ui_warning_dialog_init();//¾¯¸æµ¯´°
..\USR\Lcd\sys_ui_pro.c(1018): warning:  #188-D: enumerated type mixed with another type
                  RGB_touch_Flag=0;
..\USR\Lcd\sys_ui_pro.c(1026): warning:  #223-D: function "Elevator_Status_synchronization_SW" declared implicitly
                 			   Elevator_Status_synchronization_SW();//Í¬²½¿ª¹Ø×´Ì¬
..\USR\Lcd\sys_ui_pro.c(1031): warning:  #188-D: enumerated type mixed with another type
                  RGB_touch_Flag=0;
..\USR\Lcd\sys_ui_pro.c(1034): warning:  #223-D: function "Elevator_Status_synchronization_SW" declared implicitly
  			   Elevator_Status_synchronization_SW();//Í¬²½¿ª¹Ø×´Ì¬
..\USR\Lcd\sys_ui_pro.c(1048): warning:  #223-D: function "Elevator_Status_synchronization_SW" declared implicitly
                  			   Elevator_Status_synchronization_SW();//Í¬²½¿ª¹Ø×´Ì¬
..\USR\Lcd\sys_ui_pro.c(1056): warning:  #223-D: function "Elevator_Status_synchronization_SW" declared implicitly
  			   Elevator_Status_synchronization_SW();//Í¬²½¿ª¹Ø×´Ì¬
..\USR\Lcd\sys_ui_pro.c(1064): warning:  #223-D: function "Elevator_Status_synchronization_SW" declared implicitly
                  			   Elevator_Status_synchronization_SW();//Í¬²½¿ª¹Ø×´Ì¬
..\USR\Lcd\sys_ui_pro.c(1071): warning:  #223-D: function "Elevator_Status_synchronization_SW" declared implicitly
                  			   Elevator_Status_synchronization_SW();//Í¬²½¿ª¹Ø×´Ì¬
..\USR\Lcd\sys_ui_pro.c(1115): warning:  #223-D: function "disply_dialogr_process" declared implicitly
                  disply_dialogr_process(upgrade);
..\USR\Lcd\sys_ui_pro.c(1250): warning:  #111-D: statement is unreachable
  			p = &page_home.page_left_side;
..\USR\Lcd\sys_ui_pro.c(2646): warning:  #223-D: function "page_dialog_motors_deel_with_i" declared implicitly
  				    if(page_dialog_motors_deel_with_i(p,&i))
..\USR\Lcd\sys_ui_pro.c: 16 warnings, 0 errors
compiling ui_func_keyboard.c...
..\USR\Lcd\sys_ui_light.h(33): warning:  #1-D: last line of file ends without a newline
  #define Light_Pic_SN 6 //µÆÐòºÅ
..\USR\Lcd\ui_func_keyboard.c: 1 warning, 0 errors
compiling sys_ui_pro_dialog_msg.c...
..\USR\Lcd\sys_ui_light.h(33): warning:  #1-D: last line of file ends without a newline
  #define Light_Pic_SN 6 //µÆÐòºÅ
..\USR\Lcd\sys_ui_pro_dialog_msg.c: 1 warning, 0 errors
compiling ui_func_dialog_info.c...
..\USR\Lcd\sys_ui_light.h(33): warning:  #1-D: last line of file ends without a newline
  #define Light_Pic_SN 6 //µÆÐòºÅ
..\USR\Lcd\ui_func_dialog_info.c: 1 warning, 0 errors
compiling ui_func_dialog_code.c...
..\USR\Lcd\sys_ui_light.h(33): warning:  #1-D: last line of file ends without a newline
  #define Light_Pic_SN 6 //µÆÐòºÅ
..\USR\Lcd\ui_func_dialog_code.c: 1 warning, 0 errors
compiling ui_func_dialog_msg.c...
..\USR\Lcd\sys_ui_light.h(33): warning:  #1-D: last line of file ends without a newline
  #define Light_Pic_SN 6 //µÆÐòºÅ
..\USR\Lcd\ui_func_dialog_msg.c: 1 warning, 0 errors
compiling sys_ui_pro_dialog_test.c...
..\USR\Lcd\sys_ui_light.h(33): warning:  #1-D: last line of file ends without a newline
  #define Light_Pic_SN 6 //µÆÐòºÅ
..\USR\Src\sys_ui_pro_dialog_test.c(16): warning:  #111-D: statement is unreachable
  	dialog_testout_cnt[ch]++;
..\USR\Src\sys_ui_pro_dialog_test.c(37): warning:  #550-D: variable "p2"  was set but never used
  	lcd_dis_page_t* p2;
..\USR\Src\sys_ui_pro_dialog_test.c(38): warning:  #177-D: variable "j"  was declared but never referenced
  	u8 j;
..\USR\Src\sys_ui_pro_dialog_test.c(54): warning:  #550-D: variable "p2"  was set but never used
  	lcd_dis_page_t* p2;
..\USR\Src\sys_ui_pro_dialog_test.c(55): warning:  #177-D: variable "j"  was declared but never referenced
  	u8 j;
..\USR\Src\sys_ui_pro_dialog_test.c(70): warning:  #550-D: variable "p2"  was set but never used
  	lcd_dis_page_t* p2;
..\USR\Src\sys_ui_pro_dialog_test.c(71): warning:  #177-D: variable "j"  was declared but never referenced
  	u8 j;
..\USR\Src\sys_ui_pro_dialog_test.c(86): warning:  #550-D: variable "p2"  was set but never used
  	lcd_dis_page_t* p2;
..\USR\Src\sys_ui_pro_dialog_test.c(87): warning:  #177-D: variable "j"  was declared but never referenced
  	u8 j;
..\USR\Src\sys_ui_pro_dialog_test.c(102): warning:  #550-D: variable "p2"  was set but never used
  	lcd_dis_page_t* p2;
..\USR\Src\sys_ui_pro_dialog_test.c(103): warning:  #177-D: variable "j"  was declared but never referenced
  	u8 j;
..\USR\Src\sys_ui_pro_dialog_test.c(211): warning:  #188-D: enumerated type mixed with another type
  			dis_flag = !dis_flag;
..\USR\Src\sys_ui_pro_dialog_test.c(244): warning:  #177-D: variable "i"  was declared but never referenced
  	u8 i;//,ch;
..\USR\Src\sys_ui_pro_dialog_test.c: 14 warnings, 0 errors
compiling sys_ui_pro_system.c...
..\USR\Lcd\sys_ui_light.h(33): warning:  #1-D: last line of file ends without a newline
  #define Light_Pic_SN 6 //µÆÐòºÅ
..\USR\Lcd\sys_ui_pro_system.c(1305): warning:  #177-D: variable "display_buf"  was declared but never referenced
      char display_buf[32];
..\USR\Lcd\sys_ui_pro_system.c(1535): warning:  #188-D: enumerated type mixed with another type
  	display_setup_page(0,upgrage,setup_page_p,setup_item_p,"System Settings");
..\USR\Lcd\sys_ui_pro_system.c: 3 warnings, 0 errors
compiling sys_ui_pro_system_alarm.c...
..\USR\Lcd\sys_ui_light.h(33): warning:  #1-D: last line of file ends without a newline
  #define Light_Pic_SN 6 //µÆÐòºÅ
..\USR\Lcd\sys_ui_pro_system_alarm.c(159): warning:  #167-D: argument of type "unsigned char *" is incompatible with parameter of type "char *"
    Virtual_LCD_Draw_String_ARGB_24_4bit(p->x_val+X_system_system_offset+50,p->y_val+Y_system_system_offset+10,&p_list[num].txt[0],(0xFFe2e2e4),0,1,1);
..\USR\Lcd\sys_ui_pro_system_alarm.c: 2 warnings, 0 errors
compiling ui_func_system_alarm.c...
..\USR\Lcd\sys_ui_light.h(33): warning:  #1-D: last line of file ends without a newline
  #define Light_Pic_SN 6 //µÆÐòºÅ
..\USR\Lcd\ui_func_system_alarm.c: 1 warning, 0 errors
compiling ui_func_system.c...
..\USR\Lcd\sys_ui_light.h(33): warning:  #1-D: last line of file ends without a newline
  #define Light_Pic_SN 6 //µÆÐòºÅ
..\USR\Lcd\ui_func_system.c: 1 warning, 0 errors
compiling sys_ui_pro_system_accessories.c...
..\USR\Lcd\sys_ui_light.h(33): warning:  #1-D: last line of file ends without a newline
  #define Light_Pic_SN 6 //µÆÐòºÅ
..\USR\Lcd\sys_ui_pro_system_accessories.c(269): warning:  #188-D: enumerated type mixed with another type
  			 f_ignore_handbreak=!f_ignore_handbreak;
..\USR\Lcd\sys_ui_pro_system_accessories.c(281): warning:  #188-D: enumerated type mixed with another type
  			 f_ignore_handbreak=!f_ignore_handbreak;
..\USR\Lcd\sys_ui_pro_system_accessories.c(687): warning:  #513-D: a value of type "void *" cannot be assigned to an entity of type "void (*)(void *, unsigned char)"
  		 p->item[i].f = p_system_accessories_item_d[i];
..\USR\Lcd\sys_ui_pro_system_accessories.c: 4 warnings, 0 errors
compiling ui_func_system_accessories.c...
..\USR\Lcd\sys_ui_light.h(33): warning:  #1-D: last line of file ends without a newline
  #define Light_Pic_SN 6 //µÆÐòºÅ
..\USR\Lcd\ui_func_system_accessories.c: 1 warning, 0 errors
compiling sys_ui_pro_system_info.c...
..\USR\Lcd\sys_ui_light.h(33): warning:  #1-D: last line of file ends without a newline
  #define Light_Pic_SN 6 //µÆÐòºÅ
..\USR\Lcd\sys_ui_pro_system_info.c: 1 warning, 0 errors
compiling ui_func_system_info.c...
..\USR\Lcd\sys_ui_light.h(33): warning:  #1-D: last line of file ends without a newline
  #define Light_Pic_SN 6 //µÆÐòºÅ
..\USR\Lcd\ui_func_system_info.c: 1 warning, 0 errors
compiling ui_func_home.c...
..\USR\Lcd\sys_ui_light.h(33): warning:  #1-D: last line of file ends without a newline
  #define Light_Pic_SN 6 //µÆÐòºÅ
..\USR\Lcd\ui_func_home.c: 1 warning, 0 errors
compiling sys_ui_pro_home.c...
..\USR\Lcd\sys_ui_light.h(33): warning:  #1-D: last line of file ends without a newline
  #define Light_Pic_SN 6 //µÆÐòºÅ
..\USR\Lcd\sys_ui_pro_home.c(564): warning:  #550-D: variable "display_color"  was set but never used
  	u32 display_color;
..\USR\Lcd\sys_ui_pro_home.c: 2 warnings, 0 errors
compiling ui_func_power.c...
..\USR\Lcd\sys_ui_light.h(33): warning:  #1-D: last line of file ends without a newline
  #define Light_Pic_SN 6 //µÆÐòºÅ
..\USR\Lcd\ui_func_power.c: 1 warning, 0 errors
compiling sys_ui_pro_power.c...
..\USR\Lcd\sys_ui_light.h(33): warning:  #1-D: last line of file ends without a newline
  #define Light_Pic_SN 6 //µÆÐòºÅ
..\USR\Lcd\sys_ui_pro_power.c: 1 warning, 0 errors
compiling ui_func_power_set.c...
..\USR\Lcd\sys_ui_light.h(33): warning:  #1-D: last line of file ends without a newline
  #define Light_Pic_SN 6 //µÆÐòºÅ
..\USR\Lcd\ui_func_power_set.c: 1 warning, 0 errors
compiling sys_ui_pro_power_system.c...
..\USR\Lcd\sys_ui_light.h(33): warning:  #1-D: last line of file ends without a newline
  #define Light_Pic_SN 6 //µÆÐòºÅ
..\USR\Lcd\sys_ui_pro_power_system.c: 1 warning, 0 errors
compiling sys_ui_pro_power_set.c...
..\USR\Lcd\sys_ui_light.h(33): warning:  #1-D: last line of file ends without a newline
  #define Light_Pic_SN 6 //µÆÐòºÅ
..\USR\Lcd\sys_ui_pro_power_set.c(623): warning:  #513-D: a value of type "void *" cannot be assigned to an entity of type "void (*)(void *, unsigned char)"
  		 p->item[i].f = p_func_power_setup_item_d[i];
..\USR\Lcd\sys_ui_pro_power_set.c: 2 warnings, 0 errors
compiling sys_ui_pro_power_alarm.c...
..\USR\Lcd\sys_ui_light.h(33): warning:  #1-D: last line of file ends without a newline
  #define Light_Pic_SN 6 //µÆÐòºÅ
..\USR\Lcd\sys_ui_pro_power_alarm.c(97): warning:  #167-D: argument of type "unsigned char *" is incompatible with parameter of type "char *"
    Virtual_LCD_Draw_String_ARGB_24_4bit(p->x_val+X_system_system_offset+50,p->y_val+Y_system_system_offset+10,&p_list[num].txt[0],(0xFFe2e2e4),0,1,1);
..\USR\Lcd\sys_ui_pro_power_alarm.c(335): warning:  #513-D: a value of type "void *" cannot be assigned to an entity of type "void (*)(void *, unsigned char)"
  		  p->item[i].f = p_func_power_alarm_item_d[i];
..\USR\Lcd\sys_ui_pro_power_alarm.c: 3 warnings, 0 errors
compiling ui_func_power_alarm.c...
..\USR\Lcd\sys_ui_light.h(33): warning:  #1-D: last line of file ends without a newline
  #define Light_Pic_SN 6 //µÆÐòºÅ
..\USR\Lcd\ui_func_power_alarm.c: 1 warning, 0 errors
compiling ui_func_lights.c...
..\USR\Lcd\sys_ui_light.h(33): warning:  #1-D: last line of file ends without a newline
  #define Light_Pic_SN 6 //µÆÐòºÅ
..\USR\Lcd\ui_func_lights.c: 1 warning, 0 errors
compiling ui_func_dialog_lights.c...
..\USR\Lcd\sys_ui_light.h(33): warning:  #1-D: last line of file ends without a newline
  #define Light_Pic_SN 6 //µÆÐòºÅ
..\USR\Lcd\ui_func_dialog_lights.c: 1 warning, 0 errors
compiling sys_ui_pro_lights.c...
..\USR\Lcd\sys_ui_light.h(33): warning:  #1-D: last line of file ends without a newline
  #define Light_Pic_SN 6 //µÆÐòºÅ
..\USR\Lcd\sys_ui_pro_lights.c: 1 warning, 0 errors
compiling sys_ui_pro_dialog_lights.c...
..\USR\Lcd\sys_ui_light.h(33): warning:  #1-D: last line of file ends without a newline
  #define Light_Pic_SN 6 //µÆÐòºÅ
..\USR\Lcd\sys_ui_pro_dialog_lights.c: 1 warning, 0 errors
compiling sys_ui_pro_dialog_lights_ch.c...
..\USR\Lcd\sys_ui_light.h(33): warning:  #1-D: last line of file ends without a newline
  #define Light_Pic_SN 6 //µÆÐòºÅ
..\USR\Lcd\sys_ui_pro_dialog_lights_ch.c: 1 warning, 0 errors
compiling ui_func_dialog_lights_ch.c...
..\USR\Lcd\sys_ui_light.h(33): warning:  #1-D: last line of file ends without a newline
  #define Light_Pic_SN 6 //µÆÐòºÅ
..\USR\Lcd\ui_func_dialog_lights_ch.c: 1 warning, 0 errors
compiling ui_func_loads.c...
..\USR\Lcd\sys_ui_light.h(33): warning:  #1-D: last line of file ends without a newline
  #define Light_Pic_SN 6 //µÆÐòºÅ
..\USR\Lcd\ui_func_loads.c: 1 warning, 0 errors
compiling sys_ui_pro_loads.c...
..\USR\Lcd\sys_ui_light.h(33): warning:  #1-D: last line of file ends without a newline
  #define Light_Pic_SN 6 //µÆÐòºÅ
..\USR\Lcd\sys_ui_pro_loads.c: 1 warning, 0 errors
compiling sys_ui_pro_dialog_loads.c...
..\USR\Lcd\sys_ui_light.h(33): warning:  #1-D: last line of file ends without a newline
  #define Light_Pic_SN 6 //µÆÐòºÅ
..\USR\Lcd\sys_ui_pro_dialog_loads.c: 1 warning, 0 errors
compiling ui_func_dialog_loads.c...
..\USR\Lcd\sys_ui_light.h(33): warning:  #1-D: last line of file ends without a newline
  #define Light_Pic_SN 6 //µÆÐòºÅ
..\USR\Lcd\ui_func_dialog_loads.c: 1 warning, 0 errors
compiling ui_func_dialog_loads_ch.c...
..\USR\Lcd\sys_ui_light.h(33): warning:  #1-D: last line of file ends without a newline
  #define Light_Pic_SN 6 //µÆÐòºÅ
..\USR\Lcd\ui_func_dialog_loads_ch.c: 1 warning, 0 errors
compiling sys_ui_pro_dialog_loads_ch.c...
..\USR\Lcd\sys_ui_light.h(33): warning:  #1-D: last line of file ends without a newline
  #define Light_Pic_SN 6 //µÆÐòºÅ
..\USR\Lcd\sys_ui_pro_dialog_loads_ch.c: 1 warning, 0 errors
compiling sys_ui_pro_loads_motors.c...
..\USR\Lcd\sys_ui_light.h(33): warning:  #1-D: last line of file ends without a newline
  #define Light_Pic_SN 6 //µÆÐòºÅ
..\USR\Lcd\sys_ui_pro_loads_motors.c: 1 warning, 0 errors
compiling ui_func_loads_motors.c...
..\USR\Lcd\sys_ui_light.h(33): warning:  #1-D: last line of file ends without a newline
  #define Light_Pic_SN 6 //µÆÐòºÅ
..\USR\Lcd\ui_func_loads_motors.c: 1 warning, 0 errors
compiling sys_ui_pro_dialog_motors.c...
..\USR\Lcd\sys_ui_light.h(33): warning:  #1-D: last line of file ends without a newline
  #define Light_Pic_SN 6 //µÆÐòºÅ
..\USR\Lcd\sys_ui_pro_dialog_motors.c: 1 warning, 0 errors
compiling ui_func_dialog_motors.c...
..\USR\Lcd\sys_ui_light.h(33): warning:  #1-D: last line of file ends without a newline
  #define Light_Pic_SN 6 //µÆÐòºÅ
..\USR\Lcd\ui_func_dialog_motors.c: 1 warning, 0 errors
compiling ui_data.c...
..\USR\Lcd\sys_ui_light.h(33): warning:  #1-D: last line of file ends without a newline
  #define Light_Pic_SN 6 //µÆÐòºÅ
..\USR\ui_data\ui_data.c: 1 warning, 0 errors
compiling sys_ui_pro_tanks.c...
..\USR\Lcd\sys_ui_light.h(33): warning:  #1-D: last line of file ends without a newline
  #define Light_Pic_SN 6 //µÆÐòºÅ
..\USR\Lcd\sys_ui_pro_tanks.c: 1 warning, 0 errors
compiling ui_func_tanks.c...
..\USR\Lcd\sys_ui_light.h(33): warning:  #1-D: last line of file ends without a newline
  #define Light_Pic_SN 6 //µÆÐòºÅ
..\USR\Lcd\ui_func_tanks.c: 1 warning, 0 errors
compiling ui_func_tanks_set.c...
..\USR\Lcd\sys_ui_light.h(33): warning:  #1-D: last line of file ends without a newline
  #define Light_Pic_SN 6 //µÆÐòºÅ
..\USR\Lcd\ui_func_tanks_set.c: 1 warning, 0 errors
compiling myFont24_4bit.c...
..\USR\Lcd\sys_ui_light.h(33): warning:  #1-D: last line of file ends without a newline
  #define Light_Pic_SN 6 //µÆÐòºÅ
..\USR\Lcd\myFont24_4bit.c: 1 warning, 0 errors
compiling sys_ui_pro_tanks_set.c...
..\USR\Lcd\sys_ui_light.h(33): warning:  #1-D: last line of file ends without a newline
  #define Light_Pic_SN 6 //µÆÐòºÅ
..\USR\Lcd\sys_ui_pro_tanks_set.c(772): warning:  #513-D: a value of type "void *" cannot be assigned to an entity of type "void (*)(void *, unsigned char)"
  		 p->item[i].f = p_func_tanks_setup_item_d[i];
..\USR\Lcd\sys_ui_pro_tanks_set.c: 2 warnings, 0 errors
compiling myFont24_4bit_bold.c...
..\USR\Lcd\sys_ui_light.h(33): warning:  #1-D: last line of file ends without a newline
  #define Light_Pic_SN 6 //µÆÐòºÅ
..\USR\Lcd\myFont24_4bit_bold.c: 1 warning, 0 errors
compiling myFont8_4bit_bold.c...
..\USR\Lcd\sys_ui_light.h(33): warning:  #1-D: last line of file ends without a newline
  #define Light_Pic_SN 6 //µÆÐòºÅ
..\USR\Lcd\myFont8_4bit_bold.c: 1 warning, 0 errors
compiling myFont8_4bit.c...
..\USR\Lcd\sys_ui_light.h(33): warning:  #1-D: last line of file ends without a newline
  #define Light_Pic_SN 6 //µÆÐòºÅ
..\USR\Lcd\myFont8_4bit.c: 1 warning, 0 errors
compiling myFont32_4bit.c...
..\USR\Lcd\sys_ui_light.h(33): warning:  #1-D: last line of file ends without a newline
  #define Light_Pic_SN 6 //µÆÐòºÅ
..\USR\Lcd\myFont32_4bit.c: 1 warning, 0 errors
compiling myFont48_4bit.c...
..\USR\Lcd\sys_ui_light.h(33): warning:  #1-D: last line of file ends without a newline
  #define Light_Pic_SN 6 //µÆÐòºÅ
..\USR\Lcd\myFont48_4bit.c: 1 warning, 0 errors
compiling myFont16_4bit_bold.c...
..\USR\Lcd\sys_ui_light.h(33): warning:  #1-D: last line of file ends without a newline
  #define Light_Pic_SN 6 //µÆÐòºÅ
..\USR\Lcd\myFont16_4bit_bold.c: 1 warning, 0 errors
compiling myFont48_4bit_bold.c...
..\USR\Lcd\sys_ui_light.h(33): warning:  #1-D: last line of file ends without a newline
  #define Light_Pic_SN 6 //µÆÐòºÅ
..\USR\Lcd\myFont48_4bit_bold.c: 1 warning, 0 errors
compiling myFont32_4bit_bold.c...
..\USR\Lcd\sys_ui_light.h(33): warning:  #1-D: last line of file ends without a newline
  #define Light_Pic_SN 6 //µÆÐòºÅ
..\USR\Lcd\myFont32_4bit_bold.c: 1 warning, 0 errors
compiling myFont16_4bit.c...
..\USR\Lcd\sys_ui_light.h(33): warning:  #1-D: last line of file ends without a newline
  #define Light_Pic_SN 6 //µÆÐòºÅ
..\USR\Lcd\myFont16_4bit.c: 1 warning, 0 errors
compiling ui_func_column_home_5.c...
..\USR\Lcd\sys_ui_light.h(33): warning:  #1-D: last line of file ends without a newline
  #define Light_Pic_SN 6 //µÆÐòºÅ
..\USR\Lcd\ui_func_column_home_5.c: 1 warning, 0 errors
compiling sys_ui_pro_column_home_5.c...
..\USR\Lcd\sys_ui_light.h(33): warning:  #1-D: last line of file ends without a newline
  #define Light_Pic_SN 6 //µÆÐòºÅ
..\USR\Lcd\sys_ui_pro_column_home_5.c(808): warning:  #188-D: enumerated type mixed with another type
  			f_fault_flash_on = !f_fault_flash_on; // È¡·´£¨ÉÁË¸£©
..\USR\Lcd\sys_ui_pro_column_home_5.c: 2 warnings, 0 errors
compiling ui_func_column_alarm_5.c...
..\USR\Lcd\sys_ui_light.h(33): warning:  #1-D: last line of file ends without a newline
  #define Light_Pic_SN 6 //µÆÐòºÅ
..\USR\Lcd\ui_func_column_alarm_5.c: 1 warning, 0 errors
compiling sys_ui_pro_column_power_5.c...
..\USR\Lcd\sys_ui_light.h(33): warning:  #1-D: last line of file ends without a newline
  #define Light_Pic_SN 6 //µÆÐòºÅ
..\USR\Lcd\sys_ui_pro_column_power_5.c: 1 warning, 0 errors
compiling ui_func_column_power_5.c...
..\USR\Lcd\sys_ui_light.h(33): warning:  #1-D: last line of file ends without a newline
  #define Light_Pic_SN 6 //µÆÐòºÅ
..\USR\Lcd\ui_func_column_power_5.c: 1 warning, 0 errors
compiling sys_ui_pro_column_alarm_5.c...
..\USR\Lcd\sys_ui_light.h(33): warning:  #1-D: last line of file ends without a newline
  #define Light_Pic_SN 6 //µÆÐòºÅ
..\USR\Lcd\sys_ui_pro_column_alarm_5.c(145): warning:  #167-D: argument of type "unsigned char *" is incompatible with parameter of type "char *"
    Virtual_LCD_Draw_String_ARGB_24_4bit(p->x_val+X_system_system_offset,p->y_val+Y_system_system_offset+10,&p_list[num].txt[0],(0xFFe2e2e4),0,1,1);		
..\USR\Lcd\sys_ui_pro_column_alarm_5.c: 2 warnings, 0 errors
compiling ui_func_column_tank_5.c...
..\USR\Lcd\sys_ui_light.h(33): warning:  #1-D: last line of file ends without a newline
  #define Light_Pic_SN 6 //µÆÐòºÅ
..\USR\Lcd\ui_func_column_tank_5.c: 1 warning, 0 errors
compiling sys_ui_pro_column_tank_5.c...
..\USR\Lcd\sys_ui_light.h(33): warning:  #1-D: last line of file ends without a newline
  #define Light_Pic_SN 6 //µÆÐòºÅ
..\USR\Lcd\sys_ui_pro_column_tank_5.c: 1 warning, 0 errors
compiling ui_setup_fun.c...
compiling ui_func_column_setup_5.c...
..\USR\Lcd\sys_ui_light.h(33): warning:  #1-D: last line of file ends without a newline
  #define Light_Pic_SN 6 //µÆÐòºÅ
..\USR\Lcd\ui_func_column_setup_5.c: 1 warning, 0 errors
compiling sys_ui_pro_auxilary_keyboard.c...
..\USR\Lcd\sys_ui_light.h(33): warning:  #1-D: last line of file ends without a newline
  #define Light_Pic_SN 6 //µÆÐòºÅ
..\USR\Lcd\sys_ui_pro_auxilary_keyboard.c: 1 warning, 0 errors
compiling sys_ui_pro_column_setup_5.c...
..\USR\Lcd\sys_ui_light.h(33): warning:  #1-D: last line of file ends without a newline
  #define Light_Pic_SN 6 //µÆÐòºÅ
..\USR\Lcd\sys_ui_pro_column_setup_5.c(63): warning:  #188-D: enumerated type mixed with another type
  TYPE_SEL type_sel={0};
..\USR\Lcd\sys_ui_pro_column_setup_5.c(1015): warning:  #177-D: variable "display_buf"  was declared but never referenced
  	char display_buf[32];
..\USR\Lcd\sys_ui_pro_column_setup_5.c(1719): warning:  #188-D: enumerated type mixed with another type
  		type_sel.Battery_SmartShun_Type = type;
..\USR\Lcd\sys_ui_pro_column_setup_5.c(1768): warning:  #188-D: enumerated type mixed with another type
  		type_sel.Inverter_Type = type;
..\USR\Lcd\sys_ui_pro_column_setup_5.c(1816): warning:  #188-D: enumerated type mixed with another type
  		type_sel.Mppt_Type = type;
..\USR\Lcd\sys_ui_pro_column_setup_5.c(1860): warning:  #188-D: enumerated type mixed with another type
  		type_sel.DC_Changer_Type = type;
..\USR\Lcd\sys_ui_pro_column_setup_5.c(1883): warning:  #177-D: variable "display_buf"  was declared but never referenced
  	char display_buf[64];
..\USR\Lcd\sys_ui_pro_column_setup_5.c(2661): warning:  #1-D: last line of file ends without a newline
  }
..\USR\Lcd\sys_ui_pro_column_setup_5.c: 9 warnings, 0 errors
compiling ui_func_auxilary_keyboard.c...
..\USR\Lcd\sys_ui_light.h(33): warning:  #1-D: last line of file ends without a newline
  #define Light_Pic_SN 6 //µÆÐòºÅ
..\USR\Lcd\ui_func_auxilary_keyboard.c: 1 warning, 0 errors
compiling sys_ui_light.c...
..\USR\Lcd\sys_ui_light.h(33): warning:  #1-D: last line of file ends without a newline
  #define Light_Pic_SN 6 //µÆÐòºÅ
..\USR\Lcd\sys_ui_light.c(265): warning:  #188-D: enumerated type mixed with another type
          light_now_sta.lights[0].isPowerOn = 1;
..\USR\Lcd\sys_ui_light.c(282): warning:  #188-D: enumerated type mixed with another type
          light_now_sta.lights[0].isPowerOn = 0;
..\USR\Lcd\sys_ui_light.c(294): warning:  #188-D: enumerated type mixed with another type
          light_now_sta.lights[1].isPowerOn = 1;
..\USR\Lcd\sys_ui_light.c(304): warning:  #188-D: enumerated type mixed with another type
          light_now_sta.lights[1].isPowerOn = 0;
..\USR\Lcd\sys_ui_light.c(316): warning:  #188-D: enumerated type mixed with another type
          light_now_sta.lights[2].isPowerOn = 1;
..\USR\Lcd\sys_ui_light.c(326): warning:  #188-D: enumerated type mixed with another type
          light_now_sta.lights[2].isPowerOn = 0;
..\USR\Lcd\sys_ui_light.c(338): warning:  #188-D: enumerated type mixed with another type
          light_now_sta.lights[3].isPowerOn = 1;
..\USR\Lcd\sys_ui_light.c(348): warning:  #188-D: enumerated type mixed with another type
          light_now_sta.lights[3].isPowerOn = 0;
..\USR\Lcd\sys_ui_light.c(368): warning:  #188-D: enumerated type mixed with another type
          light_now_sta.lights[4].isPowerOn = 1;
..\USR\Lcd\sys_ui_light.c(378): warning:  #188-D: enumerated type mixed with another type
          light_now_sta.lights[4].isPowerOn = 0;
..\USR\Lcd\sys_ui_light.c(390): warning:  #188-D: enumerated type mixed with another type
          light_now_sta.lights[5].isPowerOn = 1;
..\USR\Lcd\sys_ui_light.c(400): warning:  #188-D: enumerated type mixed with another type
          light_now_sta.lights[5].isPowerOn = 0;
..\USR\Lcd\sys_ui_light.c: 13 warnings, 0 errors
compiling sys_ui_elevator.c...
..\USR\Lcd\sys_ui_light.h(33): warning:  #1-D: last line of file ends without a newline
  #define Light_Pic_SN 6 //µÆÐòºÅ
..\USR\Lcd\sys_ui_elevator.c: 1 warning, 0 errors
compiling ui_fun_light.c...
..\USR\Lcd\sys_ui_light.h(33): warning:  #1-D: last line of file ends without a newline
  #define Light_Pic_SN 6 //µÆÐòºÅ
..\USR\Lcd\ui_fun_light.c(33): warning:  #188-D: enumerated type mixed with another type
          light_now_sta.lights[channel].isPowerOn = 1; // ¸üÐÂ±¾µØ×´Ì¬Îª¡°¿ª¡±
..\USR\Lcd\ui_fun_light.c(52): warning:  #188-D: enumerated type mixed with another type
          light_now_sta.lights[channel].isPowerOn = 0; // ¸üÐÂ±¾µØ×´Ì¬Îª¡°¹Ø¡±
..\USR\Lcd\ui_fun_light.c(356): warning:  #550-D: variable "ch"  was set but never used
  	u8 ch;
..\USR\Lcd\ui_fun_light.c(357): warning:  #177-D: variable "display_buf"  was declared but never referenced
  	char display_buf[16];
..\USR\Lcd\ui_fun_light.c: 5 warnings, 0 errors
compiling sys_ui_setup.c...
..\USR\Lcd\sys_ui_light.h(33): warning:  #1-D: last line of file ends without a newline
  #define Light_Pic_SN 6 //µÆÐòºÅ
..\USR\Lcd\sys_ui_setup.c: 1 warning, 0 errors
compiling ui_fun_elevator.c...
..\USR\Lcd\sys_ui_light.h(33): warning:  #1-D: last line of file ends without a newline
  #define Light_Pic_SN 6 //µÆÐòºÅ
..\USR\Lcd\ui_fun_elevator.c(7): warning:  #177-D: variable "display_buf"  was declared but never referenced
      char display_buf[32];
..\USR\Lcd\ui_fun_elevator.c(69): warning:  #177-D: variable "display_buf"  was declared but never referenced
      	char display_buf[32];
..\USR\Lcd\ui_fun_elevator.c: 3 warnings, 0 errors
compiling sys_ui_rgb.c...
..\USR\Lcd\sys_ui_light.h(33): warning:  #1-D: last line of file ends without a newline
  #define Light_Pic_SN 6 //µÆÐòºÅ
..\USR\Lcd\sys_ui_rgb.c(157): warning:  #188-D: enumerated type mixed with another type
              now_RGB_status.RGB[para[2]-1].FLASH_Flag  =0;
..\USR\Lcd\sys_ui_rgb.c(158): warning:  #188-D: enumerated type mixed with another type
              now_RGB_status.RGB[para[2]-1].SMOOT_Flag  =0;
..\USR\Lcd\sys_ui_rgb.c(159): warning:  #188-D: enumerated type mixed with another type
              now_RGB_status.RGB[para[2]-1].FADE_Flag  =0;
..\USR\Lcd\sys_ui_rgb.c(160): warning:  #188-D: enumerated type mixed with another type
              now_RGB_status.RGB[para[2]-1].STROBE_Flag=0;
..\USR\Lcd\sys_ui_rgb.c(164): warning:  #188-D: enumerated type mixed with another type
              now_RGB_status.RGB[para[2]-1].FLASH_Flag  =1;
..\USR\Lcd\sys_ui_rgb.c(165): warning:  #188-D: enumerated type mixed with another type
              now_RGB_status.RGB[para[2]-1].SMOOT_Flag  =0;
..\USR\Lcd\sys_ui_rgb.c(166): warning:  #188-D: enumerated type mixed with another type
              now_RGB_status.RGB[para[2]-1].FADE_Flag  =0;
..\USR\Lcd\sys_ui_rgb.c(167): warning:  #188-D: enumerated type mixed with another type
              now_RGB_status.RGB[para[2]-1].STROBE_Flag=0;
..\USR\Lcd\sys_ui_rgb.c(172): warning:  #188-D: enumerated type mixed with another type
              now_RGB_status.RGB[para[2]-1].FLASH_Flag  =0;
..\USR\Lcd\sys_ui_rgb.c(173): warning:  #188-D: enumerated type mixed with another type
              now_RGB_status.RGB[para[2]-1].SMOOT_Flag  =1;
..\USR\Lcd\sys_ui_rgb.c(174): warning:  #188-D: enumerated type mixed with another type
              now_RGB_status.RGB[para[2]-1].FADE_Flag  =0;
..\USR\Lcd\sys_ui_rgb.c(175): warning:  #188-D: enumerated type mixed with another type
              now_RGB_status.RGB[para[2]-1].STROBE_Flag=0;
..\USR\Lcd\sys_ui_rgb.c(179): warning:  #188-D: enumerated type mixed with another type
              now_RGB_status.RGB[para[2]-1].FLASH_Flag  =0;
..\USR\Lcd\sys_ui_rgb.c(180): warning:  #188-D: enumerated type mixed with another type
              now_RGB_status.RGB[para[2]-1].SMOOT_Flag  =0;
..\USR\Lcd\sys_ui_rgb.c(181): warning:  #188-D: enumerated type mixed with another type
              now_RGB_status.RGB[para[2]-1].FADE_Flag  =1;
..\USR\Lcd\sys_ui_rgb.c(182): warning:  #188-D: enumerated type mixed with another type
              now_RGB_status.RGB[para[2]-1].STROBE_Flag=0;
..\USR\Lcd\sys_ui_rgb.c(186): warning:  #188-D: enumerated type mixed with another type
              now_RGB_status.RGB[para[2]-1].FLASH_Flag  =0;
..\USR\Lcd\sys_ui_rgb.c(187): warning:  #188-D: enumerated type mixed with another type
              now_RGB_status.RGB[para[2]-1].SMOOT_Flag  =0;
..\USR\Lcd\sys_ui_rgb.c(188): warning:  #188-D: enumerated type mixed with another type
              now_RGB_status.RGB[para[2]-1].FADE_Flag  =0;
..\USR\Lcd\sys_ui_rgb.c(189): warning:  #188-D: enumerated type mixed with another type
              now_RGB_status.RGB[para[2]-1].STROBE_Flag=1;
..\USR\Lcd\sys_ui_rgb.c(196): warning:  #177-D: variable "p2"  was declared but never referenced
  	  lcd_dis_page_t * p2 = &page_home.page_top_side[page_home.page_left_side.now_item];	
..\USR\Lcd\sys_ui_rgb.c(300): warning:  #177-D: variable "display_buf"  was declared but never referenced
      char display_buf[32];
..\USR\Lcd\sys_ui_rgb.c(386): warning:  #188-D: enumerated type mixed with another type
              ALL_Init(0);//¹Ø±ÕµÆÐ§
..\USR\Lcd\sys_ui_rgb.c(391): warning:  #188-D: enumerated type mixed with another type
              ALL_Init(1);//¹Ø±ÕµÆÐ§
..\USR\Lcd\sys_ui_rgb.c(376): warning:  #177-D: variable "display_buf"  was declared but never referenced
      char display_buf[32];
..\USR\Lcd\sys_ui_rgb.c(377): warning:  #177-D: variable "p2"  was declared but never referenced
      lcd_dis_page_t *p2 = &page_home.page_top_side[page_home.page_left_side.now_item];
..\USR\Lcd\sys_ui_rgb.c(492): warning:  #177-D: variable "V"  was declared but never referenced
      float H = 0, S = 0, V = maxv;
..\USR\Lcd\sys_ui_rgb.c: 28 warnings, 0 errors
compiling ui_rgb_fun.c...
..\USR\Lcd\sys_ui_light.h(33): warning:  #1-D: last line of file ends without a newline
  #define Light_Pic_SN 6 //µÆÐòºÅ
..\USR\Lcd\ui_rgb_fun.c(13): warning:  #188-D: enumerated type mixed with another type
      now_RGB_status.RGB[rgb].FLASH_Flag  = 0;
..\USR\Lcd\ui_rgb_fun.c(14): warning:  #188-D: enumerated type mixed with another type
      now_RGB_status.RGB[rgb].SMOOT_Flag  = 0;
..\USR\Lcd\ui_rgb_fun.c(15): warning:  #188-D: enumerated type mixed with another type
      now_RGB_status.RGB[rgb].FADE_Flag   = 0;
..\USR\Lcd\ui_rgb_fun.c(16): warning:  #188-D: enumerated type mixed with another type
      now_RGB_status.RGB[rgb].STROBE_Flag = 0;
..\USR\Lcd\ui_rgb_fun.c(53): warning:  #188-D: enumerated type mixed with another type
          now_RGB_status.RGB_select=0;//
..\USR\Lcd\ui_rgb_fun.c(68): warning:  #188-D: enumerated type mixed with another type
          now_RGB_status.RGB_select=1;//ÏÖÔÚÑ¡ÖÐµÄRGB
..\USR\Lcd\ui_rgb_fun.c(94): warning:  #177-D: variable "ch"  was declared but never referenced
    u8 ch;
..\USR\Lcd\ui_rgb_fun.c(95): warning:  #177-D: variable "display_buf"  was declared but never referenced
    char display_buf[16];
..\USR\Lcd\ui_rgb_fun.c(198): warning:  #188-D: enumerated type mixed with another type
              ALL_Init(0);//¹Ø±ÕµÆÐ§
..\USR\Lcd\ui_rgb_fun.c(208): warning:  #188-D: enumerated type mixed with another type
              ALL_Init(1);
..\USR\Lcd\ui_rgb_fun.c(270): warning:  #188-D: enumerated type mixed with another type
                  now_RGB_status.RGB[0].isPowerOn=1;
..\USR\Lcd\ui_rgb_fun.c(276): warning:  #188-D: enumerated type mixed with another type
                  now_RGB_status.RGB[1].isPowerOn=1;
..\USR\Lcd\ui_rgb_fun.c(291): warning:  #188-D: enumerated type mixed with another type
                     now_RGB_status.RGB[0].isPowerOn=0;
..\USR\Lcd\ui_rgb_fun.c(301): warning:  #188-D: enumerated type mixed with another type
                    now_RGB_status.RGB[1].isPowerOn=0;
..\USR\Lcd\ui_rgb_fun.c(439): warning:  #188-D: enumerated type mixed with another type
              ALL_Init(0);
..\USR\Lcd\ui_rgb_fun.c(440): warning:  #188-D: enumerated type mixed with another type
                      now_RGB_status.RGB[0].FLASH_Flag=1;
..\USR\Lcd\ui_rgb_fun.c(446): warning:  #188-D: enumerated type mixed with another type
                          ALL_Init(1);
..\USR\Lcd\ui_rgb_fun.c(447): warning:  #188-D: enumerated type mixed with another type
              now_RGB_status.RGB[1].FLASH_Flag=1;
..\USR\Lcd\ui_rgb_fun.c(462): warning:  #188-D: enumerated type mixed with another type
              now_RGB_status.RGB[0].FLASH_Flag=0;
..\USR\Lcd\ui_rgb_fun.c(472): warning:  #188-D: enumerated type mixed with another type
                  now_RGB_status.RGB[1].FLASH_Flag=0;
..\USR\Lcd\ui_rgb_fun.c(501): warning:  #188-D: enumerated type mixed with another type
                                  ALL_Init(0);
..\USR\Lcd\ui_rgb_fun.c(503): warning:  #188-D: enumerated type mixed with another type
                      now_RGB_status.RGB[0].SMOOT_Flag=1;
..\USR\Lcd\ui_rgb_fun.c(509): warning:  #188-D: enumerated type mixed with another type
                                  ALL_Init(1);
..\USR\Lcd\ui_rgb_fun.c(511): warning:  #188-D: enumerated type mixed with another type
                      now_RGB_status.RGB[1].SMOOT_Flag=1;
..\USR\Lcd\ui_rgb_fun.c(520): warning:  #188-D: enumerated type mixed with another type
                      now_RGB_status.RGB[0].SMOOT_Flag=0;
..\USR\Lcd\ui_rgb_fun.c(530): warning:  #188-D: enumerated type mixed with another type
                      now_RGB_status.RGB[1].SMOOT_Flag=0;
..\USR\Lcd\ui_rgb_fun.c(554): warning:  #188-D: enumerated type mixed with another type
                                            ALL_Init(0);
..\USR\Lcd\ui_rgb_fun.c(556): warning:  #188-D: enumerated type mixed with another type
                      now_RGB_status.RGB[0].FADE_Flag=1;
..\USR\Lcd\ui_rgb_fun.c(562): warning:  #188-D: enumerated type mixed with another type
                                            ALL_Init(1);
..\USR\Lcd\ui_rgb_fun.c(564): warning:  #188-D: enumerated type mixed with another type
                      now_RGB_status.RGB[1].FADE_Flag=1;
..\USR\Lcd\ui_rgb_fun.c(580): warning:  #188-D: enumerated type mixed with another type
                                              now_RGB_status.RGB[0].FADE_Flag=0;
..\USR\Lcd\ui_rgb_fun.c(589): warning:  #188-D: enumerated type mixed with another type
                      now_RGB_status.RGB[1].FADE_Flag=0;
..\USR\Lcd\ui_rgb_fun.c(615): warning:  #188-D: enumerated type mixed with another type
                 ALL_Init(0);
..\USR\Lcd\ui_rgb_fun.c(616): warning:  #188-D: enumerated type mixed with another type
              now_RGB_status.RGB[0].STROBE_Flag=1;
..\USR\Lcd\ui_rgb_fun.c(622): warning:  #188-D: enumerated type mixed with another type
              ALL_Init(1);
..\USR\Lcd\ui_rgb_fun.c(624): warning:  #188-D: enumerated type mixed with another type
            now_RGB_status.RGB[1].STROBE_Flag=1;
..\USR\Lcd\ui_rgb_fun.c(636): warning:  #188-D: enumerated type mixed with another type
                              now_RGB_status.RGB[0].STROBE_Flag=0;
..\USR\Lcd\ui_rgb_fun.c(645): warning:  #188-D: enumerated type mixed with another type
                                now_RGB_status.RGB[1].STROBE_Flag=0;
..\USR\Lcd\ui_rgb_fun.c(696): warning:  #1-D: last line of file ends without a newline
  }
..\USR\Lcd\ui_rgb_fun.c: 40 warnings, 0 errors
compiling font.c...
compiling sys_ui_ac.c...
..\USR\Lcd\sys_ui_light.h(33): warning:  #1-D: last line of file ends without a newline
  #define Light_Pic_SN 6 //µÆÐòºÅ
..\USR\Lcd\sys_ui_ac.c(130): warning:  #223-D: function "Is_uint_Fahrenheit" declared implicitly
              if (Is_uint_Fahrenheit())   // ÏÔÊ¾ F
..\USR\Lcd\sys_ui_ac.c(164): warning:  #223-D: function "Is_uint_Fahrenheit" declared implicitly
              if (Is_uint_Fahrenheit())
..\USR\Lcd\sys_ui_ac.c(200): warning:  #223-D: function "Is_uint_Fahrenheit" declared implicitly
              if(Is_uint_Fahrenheit())
..\USR\Lcd\sys_ui_ac.c(236): warning:  #223-D: function "Is_uint_Fahrenheit" declared implicitly
              if(Is_uint_Fahrenheit())
..\USR\Lcd\sys_ui_ac.c(261): warning:  #223-D: function "Is_uint_Fahrenheit" declared implicitly
              if(Is_uint_Fahrenheit())
..\USR\Lcd\sys_ui_ac.c(300): warning:  #223-D: function "Is_uint_Fahrenheit" declared implicitly
              if(Is_uint_Fahrenheit())
..\USR\Lcd\sys_ui_ac.c(513): warning:  #188-D: enumerated type mixed with another type
  	page6_ac_ctrl.sw_mode = para[1];//mode
..\USR\Lcd\sys_ui_ac.c(512): warning:  #177-D: variable "list_p"  was declared but never referenced
  	P6_HVAC_CTRL_STATUS* list_p;
..\USR\Lcd\sys_ui_ac.c(706): warning:  #111-D: statement is unreachable
                  sysprintf("page6_ac_ctrl.sw_mode=%d-----------------------------\r\n",page6_ac_ctrl.sw_mode);
..\USR\Lcd\sys_ui_ac.c(675): warning:  #177-D: variable "display_buf"  was declared but never referenced
  	char display_buf[32];
..\USR\Lcd\sys_ui_ac.c(742): warning:  #223-D: function "Is_uint_Fahrenheit" declared implicitly
          sysprintf("Is_uint_Fahrenheit=%d= %02X\r\n", Is_uint_Fahrenheit());
..\USR\Lcd\sys_ui_ac.c: 12 warnings, 0 errors
compiling uiu_ac_fun.c...
..\USR\Lcd\sys_ui_light.h(33): warning:  #1-D: last line of file ends without a newline
  #define Light_Pic_SN 6 //µÆÐòºÅ
..\USR\Lcd\uiu_ac_fun.c(155): warning:  #223-D: function "Is_uint_Fahrenheit" declared implicitly
  			  if(Is_uint_Fahrenheit())//
..\USR\Lcd\uiu_ac_fun.c(174): warning:  #223-D: function "Is_uint_Fahrenheit" declared implicitly
                 	  if(Is_uint_Fahrenheit())//F
..\USR\Lcd\uiu_ac_fun.c(256): warning:  #223-D: function "Is_uint_Fahrenheit" declared implicitly
  			  if(Is_uint_Fahrenheit())//
..\USR\Lcd\uiu_ac_fun.c(273): warning:  #223-D: function "Is_uint_Fahrenheit" declared implicitly
  			   if(Is_uint_Fahrenheit())//F
..\USR\Lcd\uiu_ac_fun.c(386): warning:  #188-D: enumerated type mixed with another type
              now_AC_status.isPowerOn=1;
..\USR\Lcd\uiu_ac_fun.c(389): warning:  #188-D: enumerated type mixed with another type
              page6_ac_ctrl.sw_mode=old_p5_mode;//»Ö¸´
..\USR\Lcd\uiu_ac_fun.c(398): warning:  #188-D: enumerated type mixed with another type
                      now_AC_status.isPowerOn=0;
..\USR\Lcd\uiu_ac_fun.c: 8 warnings, 0 errors
compiling sys_ui_diese_heater.c...
..\USR\Lcd\sys_ui_light.h(33): warning:  #1-D: last line of file ends without a newline
  #define Light_Pic_SN 6 //µÆÐòºÅ
..\USR\Lcd\sys_ui_diese_heater.c(563): warning:  #188-D: enumerated type mixed with another type
          now_DiseHeater_status.warn.ignitionPlugOut = 0;
..\USR\Lcd\sys_ui_diese_heater.c(564): warning:  #188-D: enumerated type mixed with another type
          now_DiseHeater_status.warn.motorFault      = 0;
..\USR\Lcd\sys_ui_diese_heater.c(565): warning:  #188-D: enumerated type mixed with another type
          now_DiseHeater_status.warn.oilPumpFaul    = 0;  // Ô­±äÁ¿Ãû oilPumpFaul ÐÞÕýÎª oilPumpFault£¨Æ´Ð´´íÎó£©
..\USR\Lcd\sys_ui_diese_heater.c(566): warning:  #188-D: enumerated type mixed with another type
          now_DiseHeater_status.warn.overHeating     = 0;
..\USR\Lcd\sys_ui_diese_heater.c(567): warning:  #188-D: enumerated type mixed with another type
          now_DiseHeater_status.warn.overVoltage     = 0;
..\USR\Lcd\sys_ui_diese_heater.c(568): warning:  #188-D: enumerated type mixed with another type
          now_DiseHeater_status.warn.underVoltage    = 0;
..\USR\Lcd\sys_ui_diese_heater.c(569): warning:  #188-D: enumerated type mixed with another type
          now_DiseHeater_status.warn.breaklineFault    = 0;
..\USR\Lcd\sys_ui_diese_heater.c(570): warning:  #188-D: enumerated type mixed with another type
          now_DiseHeater_status.warn.flameExtinguished    = 0;
..\USR\Lcd\sys_ui_diese_heater.c(578): warning:  #188-D: enumerated type mixed with another type
              now_DiseHeater_status.warn.flameExtinguished = 1;  // ÖÃÎ»£º±íÊ¾·¢Éú¹ÊÕÏ
..\USR\Lcd\sys_ui_diese_heater.c(584): warning:  #188-D: enumerated type mixed with another type
              now_DiseHeater_status.warn.breaklineFault = 1;  // ÖÃÎ»£º±íÊ¾·¢Éú¹ÊÕÏ
..\USR\Lcd\sys_ui_diese_heater.c(590): warning:  #188-D: enumerated type mixed with another type
              now_DiseHeater_status.warn.motorFault = 1;  // ÖÃÎ»£º±íÊ¾·¢Éú¹ÊÕÏ
..\USR\Lcd\sys_ui_diese_heater.c(597): warning:  #188-D: enumerated type mixed with another type
              now_DiseHeater_status.warn.overHeating = 1;
..\USR\Lcd\sys_ui_diese_heater.c(603): warning:  #188-D: enumerated type mixed with another type
              now_DiseHeater_status.warn.oilPumpFaul = 1;  // ÐÞÕý±äÁ¿ÃûÆ´Ð´´íÎó
..\USR\Lcd\sys_ui_diese_heater.c(609): warning:  #188-D: enumerated type mixed with another type
              now_DiseHeater_status.warn.ignitionPlugOut = 1;
..\USR\Lcd\sys_ui_diese_heater.c(615): warning:  #188-D: enumerated type mixed with another type
              now_DiseHeater_status.warn.overVoltage = 1;
..\USR\Lcd\sys_ui_diese_heater.c(621): warning:  #188-D: enumerated type mixed with another type
              now_DiseHeater_status.warn.underVoltage = 1;
..\USR\Lcd\sys_ui_diese_heater.c(531): warning:  #177-D: variable "display_buf"  was declared but never referenced
      	char display_buf[32];
..\USR\Lcd\sys_ui_diese_heater.c: 18 warnings, 0 errors
compiling ui_diese_heater_fun.c...
..\USR\Lcd\sys_ui_light.h(33): warning:  #1-D: last line of file ends without a newline
  #define Light_Pic_SN 6 //µÆÐòºÅ
..\USR\Lcd\ui_diese_heater_fun.c(214): warning:  #188-D: enumerated type mixed with another type
              now_DiseHeater_status.isPowerOn=1;//ON                    
..\USR\Lcd\ui_diese_heater_fun.c(229): warning:  #188-D: enumerated type mixed with another type
              now_DiseHeater_status.isPowerOn=0;//OFF            
..\USR\Lcd\ui_diese_heater_fun.c: 3 warnings, 0 errors
compiling ui_warning_dialog_fun.c...
..\USR\Lcd\sys_ui_light.h(33): warning:  #1-D: last line of file ends without a newline
  #define Light_Pic_SN 6 //µÆÐòºÅ
..\USR\Lcd\ui_warning_dialog_fun.c: 1 warning, 0 errors
compiling sys_ui_warning_dialog.c...
..\USR\Lcd\sys_ui_light.h(33): warning:  #1-D: last line of file ends without a newline
  #define Light_Pic_SN 6 //µÆÐòºÅ
..\USR\Lcd\sys_ui_warning_dialog.c(5): warning:  #188-D: enumerated type mixed with another type
  bool warm_dialog_enable_flag =0;
..\USR\Lcd\sys_ui_warning_dialog.c(61): warning:  #177-D: variable "old_DiseHeater_status"  was declared but never referenced
  	static DiseHeaterSystem old_DiseHeater_status;   
..\USR\Lcd\sys_ui_warning_dialog.c(63): warning:  #177-D: variable "p"  was declared but never referenced
  	lcd_dis_item_t *p;
..\USR\Lcd\sys_ui_warning_dialog.c(64): warning:  #177-D: variable "p4"  was declared but never referenced
    	lcd_dis_item_t *p4;
..\USR\Lcd\sys_ui_warning_dialog.c: 5 warnings, 0 errors
linking...
Program Size: Code=231672 RO-data=2492392 RW-data=83428 ZI-data=7753168  
After Build - User command #1: fromelf --bin ".\obj\F1C100S.axf" --output ".\obj\F1C100S.bin"
After Build - User command #2: ..\Project\EXEC ..\Project\obj\F1C100S.bin ..\Project\f1c100s.bin
¿ªÊ¼Ð£ÑéEXEC...
ÊäÈëµØÖ·£º..\Project\obj\F1C100S.bin
Êä³öµØÖ·£º..\Project\f1c100s.bin
START...
ÊäÈëÎÄ¼þ´óÐ¡ =2750100
²¹Æë512-Ìí¼Ó =332
ÎÄ¼þÍ·´óÐ¡ =32
×Ü¹²ÎÄ¼þ´óÐ¡ =2750464
³É¹¦...
".\obj\F1C100S.axf" - 0 Error(s), 368 Warning(s).
Build Time Elapsed:  00:00:21
</pre>
</body>
</html>
